   Compiling zenrav1e v0.2.0 (https://github.com/imazen/zenrav1e?rev=e4883037553434efb57ecbf4414c8b49922ba3e4#e4883037)
   Compiling almost-enough v0.4.4
   Compiling zenravif v0.2.0 (/Users/lilith/work/zen/ravif/ravif)
    Finished `test` profile [optimized + debuginfo] target(s) in 10.18s
     Running unittests src/lib.rs (target/debug/deps/zenravif-56461d6920213a36)

running 37 tests
test dirtyalpha::preminmax ... ok
test cancel::tests::test_cancellation_token ... ok
test cancel::tests::test_cancellation_token_clone ... ok
test encode8_opaque ... ok
test encode_420_odd_dimensions ... ok
test encode_420_rgb_rejected ... ok
test encode_420_smaller_than_444 ... ok
test expert_tests::all_fields_set_produces_valid_bytes ... ok
test expert_tests::complex_prediction_modes_false_matches_default ... ok
test expert_tests::complex_prediction_modes_true_changes_bytes ... ok
test expert_tests::default_internal_params_equals_no_call ... ok
test expert_tests::fast_deblock_false_explicit_matches_default ... ok
test expert_tests::fast_deblock_true_changes_bytes ... ok
test expert_tests::lrf_false_explicit_matches_default ... ok
test expert_tests::lrf_true_changes_bytes ... ok
test expert_tests::partition_range_coarse_changes_bytes ... ok
test expert_tests::partition_range_fixed_16_changes_bytes ... ok
test expert_tests::partition_range_full_changes_bytes ... ok
test default_encoder_omits_colr_box ... ok
test encode8_cleans_alpha ... ok
test expert_tests::partition_range_narrow_encodes_validly ... ok
test hdr10_full_pipeline ... ok
test hlg_display_p3_signals_correct_cicp ... ok
test limited_range_signals_correctly ... ok
test pq_bt2020_signals_correct_cicp ... ok
test expert_tests::second_call_with_default_resets_all_fields ... ok
test test_cancellation_token_precancelled ... ok
test test_libavif_quality_produces_expected_quantizers ... ok
test test_no_cancellation_token_works_normally ... ok
test expert_tests::with_internal_params_is_idempotent ... ok
test test_timeout_does_not_expire ... ok
test test_timeout_and_cancellation_token_together ... ok
test twelve_bit_depth_encodes ... ok
test twelve_bit_rgba_encodes ... ok
test test_cancellation_token_during_encoding ... ok
test encode8_with_alpha ... ok
test test_timeout_expires ... ok

test result: ok. 37 passed; 0 failed; 0 ignored; 0 measured; 0 filtered out; finished in 10.49s

     Running tests/frame_hints_live.rs (target/debug/deps/frame_hints_live-fa92ff0c5f0aca25)

running 4 tests
test frame_hints_live_agrees_with_observed_behaviour ... ok
test a_non_neutral_sb_q_scale_map_changes_the_bitstream ... ok
test a_wrongly_sized_map_is_ignored_rather_than_misapplied ... ok
test an_all_neutral_map_is_equivalent_to_no_map ... ok

test result: ok. 4 passed; 0 failed; 0 ignored; 0 measured; 0 filtered out; finished in 0.52s

     Running tests/gray_encode.rs (target/debug/deps/gray_encode-df20f481ead32a5c)

running 3 tests
test gray8_ten_bit_output_widens_depth ... ok
test gray8_encodes_true_monochrome_av1 ... ok
test gray8_odd_dimensions ... ok

test result: ok. 3 passed; 0 failed; 0 ignored; 0 measured; 0 filtered out; finished in 0.01s

     Running tests/pixel_cap.rs (target/debug/deps/pixel_cap-823ffd9afce25307)

running 5 tests
test custom_cap_below_default_rejects_between ... ok
test oversized_dimensions_rejected_preflight_by_default ... ok
test rav1e_error_reason_is_preserved_not_a_fixed_string ... ok
test small_image_under_cap_encodes_ok ... ok
test opt_out_zero_allows_oversized_declaration ... ok

test result: ok. 5 passed; 0 failed; 0 ignored; 0 measured; 0 filtered out; finished in 0.06s

     Running tests/validate.rs (target/debug/deps/validate-28fdf60adc75aa0a)

running 30 tests
test expert_only::partition_min_greater_than_max_rejected ... ok
test alpha_quality_out_of_range_rejected ... ok
test expert_only::partition_min_invalid_size_rejected ... ok
test expert_only::partition_max_invalid_size_rejected ... ok
test expert_only::partition_none_validates_ok ... ok
test expert_only::partition_valid_range_validates_ok ... ok
test happy_path_default_validates_ok ... ok
test happy_path_libavif_quality_validates_ok ... ok
test happy_path_typical_config_validates_ok ... ok
test imazen_only::seg_boost_above_range_rejected ... ok
test imazen_only::seg_boost_below_range_rejected ... ok
test imazen_only::seg_boost_default_one_validates_ok ... ok
test imazen_only::seg_boost_in_range_validates_ok ... ok
test imazen_only::vaq_strength_above_range_rejected ... ok
test imazen_only::vaq_strength_below_range_rejected ... ok
test imazen_only::vaq_strength_in_range_validates_ok ... ok
test libavif_quality_out_of_range_rejected ... ok
test mirror_above_range_rejected ... ok
test mirror_in_range_validates_ok ... ok
test num_threads_none_validates_ok ... ok
test num_threads_zero_rejected ... ok
test quality_above_range_rejected ... ok
test quality_below_range_rejected ... ok
test rotation_above_range_rejected ... ok
test rotation_in_range_validates_ok ... ok
test speed_above_range_rejected ... ok
test speed_zero_rejected ... ok
test yuv420_plus_rgb_rejected ... ok
test yuv420_plus_ycbcr_validates_ok ... ok
test yuv444_plus_rgb_validates_ok ... ok

test result: ok. 30 passed; 0 failed; 0 ignored; 0 measured; 0 filtered out; finished in 0.00s

   Doc-tests zenravif

running 12 tests
test ravif/src/av1encoder.rs - av1encoder::Encoder<'_>::encode_rgb (line 1144) ... ignored
test ravif/src/av1encoder.rs - av1encoder::Encoder<'_>::encode_rgb (line 1150) ... ignored
test ravif/src/av1encoder.rs - av1encoder::Encoder<'_>::encode_rgba (line 1054) ... ignored
test ravif/src/av1encoder.rs - av1encoder::Encoder<'_>::encode_rgba (line 1060) ... ignored
test ravif/src/av1encoder.rs - av1encoder::Encoder<'exif_slice>::with_max_pixels (line 508) ... ok
test ravif/src/av1encoder.rs - av1encoder::Encoder<'exif_slice>::validate (line 916) ... ok
test ravif/src/av1encoder.rs - av1encoder::Encoder<'exif_slice>::with_timeout (line 633) ... ok
test ravif/src/cancel.rs - cancel::CancellationToken (line 10) ... ok
test ravif/src/expert.rs - expert::InternalParams (line 41) ... ignored
test ravif/src/lib.rs - (line 36) ... ok
test ravif/src/lib.rs - (line 21) ... ok
test ravif/src/lib.rs - (line 60) ... ok

test result: ok. 7 passed; 0 failed; 5 ignored; 0 measured; 0 filtered out; finished in 0.01s

all doctests ran in 0.39s; merged doctests compilation took 0.16s
