CARGO_BUILD_JOBS=4 RAYON_NUM_THREADS=4 OMP_NUM_THREADS=4 TMPDIR="$HOME/tmp" nice -n19 cargo clippy -p zenravif --no-default-features --features threading --all-targets -- -D warnings
   Compiling zenrav1e v0.2.0 (https://github.com/imazen/zenrav1e?rev=605946821afa839ca80f2b9bb226917238e9dba3#60594682)
    Checking zenravif v0.2.0 (/Users/lilith/work/zen/ravif/ravif)
    Finished `dev` profile [optimized + debuginfo] target(s) in 2.84s
CARGO_BUILD_JOBS=4 RAYON_NUM_THREADS=4 OMP_NUM_THREADS=4 RUST_TEST_THREADS=4 TMPDIR="$HOME/tmp" nice -n19 cargo test -p zenravif
   Compiling zenrav1e v0.2.0 (https://github.com/imazen/zenrav1e?rev=605946821afa839ca80f2b9bb226917238e9dba3#60594682)
   Compiling zenravif v0.2.0 (/Users/lilith/work/zen/ravif/ravif)
    Finished `test` profile [optimized + debuginfo] target(s) in 9.80s
     Running unittests src/lib.rs (target/debug/deps/zenravif-9ad15782d8c8e14c)

running 23 tests
test dirtyalpha::preminmax ... ok
test cancel::tests::test_cancellation_token ... ok
test cancel::tests::test_cancellation_token_clone ... ok
test encode8_opaque ... ok
test encode_420_odd_dimensions ... ok
test encode_420_rgb_rejected ... ok
test encode_420_smaller_than_444 ... ok
test hdr10_full_pipeline ... ok
test hlg_display_p3_signals_correct_cicp ... ok
test limited_range_signals_correctly ... ok
test pq_bt2020_signals_correct_cicp ... ok
test test_cancellation_token_during_encoding ... ok
test encode8_with_alpha ... ok
test test_cancellation_token_precancelled ... ok
test test_no_cancellation_token_works_normally ... ok
test test_libavif_quality_produces_expected_quantizers ... ok
test test_timeout_does_not_expire ... ok
test test_timeout_and_cancellation_token_together ... ok
test twelve_bit_depth_encodes ... ok
test twelve_bit_rgba_encodes ... ok
test default_encoder_omits_colr_box ... ok
test encode8_cleans_alpha ... ok
test test_timeout_expires ... ok

test result: ok. 23 passed; 0 failed; 0 ignored; 0 measured; 0 filtered out; finished in 24.26s

     Running tests/frame_hints_live.rs (target/debug/deps/frame_hints_live-99e6448604bb3365)

running 0 tests

test result: ok. 0 passed; 0 failed; 0 ignored; 0 measured; 0 filtered out; finished in 0.00s

     Running tests/gray_encode.rs (target/debug/deps/gray_encode-fd5c7c87ad75d729)

running 3 tests
test gray8_ten_bit_output_widens_depth ... ok
test gray8_encodes_true_monochrome_av1 ... ok
test gray8_odd_dimensions ... ok

test result: ok. 3 passed; 0 failed; 0 ignored; 0 measured; 0 filtered out; finished in 0.01s

     Running tests/pixel_cap.rs (target/debug/deps/pixel_cap-ec5caff3e34f65ae)

running 5 tests
test custom_cap_below_default_rejects_between ... ok
test oversized_dimensions_rejected_preflight_by_default ... ok
test rav1e_error_reason_is_preserved_not_a_fixed_string ... ok
test small_image_under_cap_encodes_ok ... ok
test opt_out_zero_allows_oversized_declaration ... ok

test result: ok. 5 passed; 0 failed; 0 ignored; 0 measured; 0 filtered out; finished in 0.05s

     Running tests/validate.rs (target/debug/deps/validate-332ac76477535c75)

running 18 tests
test alpha_quality_out_of_range_rejected ... ok
test happy_path_default_validates_ok ... ok
test happy_path_libavif_quality_validates_ok ... ok
test happy_path_typical_config_validates_ok ... ok
test libavif_quality_out_of_range_rejected ... ok
test mirror_above_range_rejected ... ok
test mirror_in_range_validates_ok ... ok
test num_threads_none_validates_ok ... ok
test num_threads_zero_rejected ... ok
test quality_above_range_rejected ... ok
test quality_below_range_rejected ... ok
test rotation_above_range_rejected ... ok
test rotation_in_range_validates_ok ... ok
test speed_above_range_rejected ... ok
test speed_zero_rejected ... ok
test yuv420_plus_rgb_rejected ... ok
test yuv420_plus_ycbcr_validates_ok ... ok
test yuv444_plus_rgb_validates_ok ... ok

test result: ok. 18 passed; 0 failed; 0 ignored; 0 measured; 0 filtered out; finished in 0.00s

   Doc-tests zenravif

running 11 tests
test ravif/src/av1encoder.rs - av1encoder::Encoder<'_>::encode_rgb (line 1144) ... ignored
test ravif/src/av1encoder.rs - av1encoder::Encoder<'_>::encode_rgb (line 1150) ... ignored
test ravif/src/av1encoder.rs - av1encoder::Encoder<'_>::encode_rgba (line 1054) ... ignored
test ravif/src/av1encoder.rs - av1encoder::Encoder<'_>::encode_rgba (line 1060) ... ignored
test ravif/src/av1encoder.rs - av1encoder::Encoder<'exif_slice>::with_timeout (line 633) ... ok
test ravif/src/cancel.rs - cancel::CancellationToken (line 10) ... ok
test ravif/src/av1encoder.rs - av1encoder::Encoder<'exif_slice>::validate (line 916) ... ok
test ravif/src/av1encoder.rs - av1encoder::Encoder<'exif_slice>::with_max_pixels (line 508) ... ok
test ravif/src/lib.rs - (line 36) ... ok
test ravif/src/lib.rs - (line 21) ... ok
test ravif/src/lib.rs - (line 60) ... ok

test result: ok. 7 passed; 0 failed; 4 ignored; 0 measured; 0 filtered out; finished in 0.02s

all doctests ran in 0.38s; merged doctests compilation took 0.16s
CARGO_BUILD_JOBS=4 RAYON_NUM_THREADS=4 OMP_NUM_THREADS=4 RUST_TEST_THREADS=4 TMPDIR="$HOME/tmp" nice -n19 cargo test -p zenravif --no-default-features --features threading
   Compiling zenrav1e v0.2.0 (https://github.com/imazen/zenrav1e?rev=605946821afa839ca80f2b9bb226917238e9dba3#60594682)
   Compiling zenravif v0.2.0 (/Users/lilith/work/zen/ravif/ravif)
    Finished `test` profile [optimized + debuginfo] target(s) in 8.28s
     Running unittests src/lib.rs (target/debug/deps/zenravif-ae7b7f1ae734318b)

running 23 tests
test cancel::tests::test_cancellation_token ... ok
test dirtyalpha::preminmax ... ok
test cancel::tests::test_cancellation_token_clone ... ok
test encode8_opaque ... ok
test encode_420_odd_dimensions ... ok
test encode_420_rgb_rejected ... ok
test encode_420_smaller_than_444 ... ok
test hdr10_full_pipeline ... ok
test hlg_display_p3_signals_correct_cicp ... ok
test limited_range_signals_correctly ... ok
test pq_bt2020_signals_correct_cicp ... ok
test test_cancellation_token_during_encoding ... ok
test encode8_cleans_alpha ... ok
test encode8_with_alpha ... ok
test test_cancellation_token_precancelled ... ok
test test_no_cancellation_token_works_normally ... ok
test default_encoder_omits_colr_box ... ok
test test_timeout_does_not_expire ... ok
test twelve_bit_depth_encodes ... ok
test twelve_bit_rgba_encodes ... ok
test test_libavif_quality_produces_expected_quantizers ... ok
test test_timeout_and_cancellation_token_together ... ok
test test_timeout_expires ... ok

test result: ok. 23 passed; 0 failed; 0 ignored; 0 measured; 0 filtered out; finished in 45.77s

     Running tests/frame_hints_live.rs (target/debug/deps/frame_hints_live-8da30cd0f8c13abb)

running 0 tests

test result: ok. 0 passed; 0 failed; 0 ignored; 0 measured; 0 filtered out; finished in 0.00s

     Running tests/gray_encode.rs (target/debug/deps/gray_encode-e0a94ae87fc5e49e)

running 3 tests
test gray8_encodes_true_monochrome_av1 ... ok
test gray8_ten_bit_output_widens_depth ... ok
test gray8_odd_dimensions ... ok

test result: ok. 3 passed; 0 failed; 0 ignored; 0 measured; 0 filtered out; finished in 0.02s

     Running tests/pixel_cap.rs (target/debug/deps/pixel_cap-9002cec753bb1e16)

running 5 tests
test custom_cap_below_default_rejects_between ... ok
test oversized_dimensions_rejected_preflight_by_default ... ok
test rav1e_error_reason_is_preserved_not_a_fixed_string ... ok
test small_image_under_cap_encodes_ok ... ok
test opt_out_zero_allows_oversized_declaration ... ok

test result: ok. 5 passed; 0 failed; 0 ignored; 0 measured; 0 filtered out; finished in 0.05s

     Running tests/validate.rs (target/debug/deps/validate-74329adc5d90ad85)

running 18 tests
test alpha_quality_out_of_range_rejected ... ok
test happy_path_libavif_quality_validates_ok ... ok
test happy_path_default_validates_ok ... ok
test happy_path_typical_config_validates_ok ... ok
test libavif_quality_out_of_range_rejected ... ok
test mirror_above_range_rejected ... ok
test mirror_in_range_validates_ok ... ok
test num_threads_none_validates_ok ... ok
test num_threads_zero_rejected ... ok
test quality_above_range_rejected ... ok
test quality_below_range_rejected ... ok
test rotation_above_range_rejected ... ok
test rotation_in_range_validates_ok ... ok
test speed_above_range_rejected ... ok
test speed_zero_rejected ... ok
test yuv420_plus_rgb_rejected ... ok
test yuv420_plus_ycbcr_validates_ok ... ok
test yuv444_plus_rgb_validates_ok ... ok

test result: ok. 18 passed; 0 failed; 0 ignored; 0 measured; 0 filtered out; finished in 0.00s

   Doc-tests zenravif

running 11 tests
test ravif/src/av1encoder.rs - av1encoder::Encoder<'_>::encode_rgb (line 1144) ... ignored
test ravif/src/av1encoder.rs - av1encoder::Encoder<'_>::encode_rgb (line 1150) ... ignored
test ravif/src/av1encoder.rs - av1encoder::Encoder<'_>::encode_rgba (line 1054) ... ignored
test ravif/src/av1encoder.rs - av1encoder::Encoder<'_>::encode_rgba (line 1060) ... ignored
test ravif/src/av1encoder.rs - av1encoder::Encoder<'exif_slice>::with_timeout (line 633) ... ok
test ravif/src/av1encoder.rs - av1encoder::Encoder<'exif_slice>::validate (line 916) ... ok
test ravif/src/av1encoder.rs - av1encoder::Encoder<'exif_slice>::with_max_pixels (line 508) ... ok
test ravif/src/cancel.rs - cancel::CancellationToken (line 10) ... ok
test ravif/src/lib.rs - (line 21) ... ok
test ravif/src/lib.rs - (line 36) ... ok
test ravif/src/lib.rs - (line 60) ... ok

test result: ok. 7 passed; 0 failed; 4 ignored; 0 measured; 0 filtered out; finished in 0.01s

all doctests ran in 0.37s; merged doctests compilation took 0.15s
CARGO_BUILD_JOBS=4 RAYON_NUM_THREADS=4 OMP_NUM_THREADS=4 RUST_TEST_THREADS=4 TMPDIR="$HOME/tmp" nice -n19 cargo test -p zenravif --features __expert,stop
   Compiling zenrav1e v0.2.0 (https://github.com/imazen/zenrav1e?rev=605946821afa839ca80f2b9bb226917238e9dba3#60594682)
   Compiling zenravif v0.2.0 (/Users/lilith/work/zen/ravif/ravif)
    Finished `test` profile [optimized + debuginfo] target(s) in 10.08s
     Running unittests src/lib.rs (target/debug/deps/zenravif-586b9a3ee9cc30a1)

running 37 tests
test dirtyalpha::preminmax ... ok
test cancel::tests::test_cancellation_token ... ok
test cancel::tests::test_cancellation_token_clone ... ok
test default_encoder_omits_colr_box ... ok
test encode_420_odd_dimensions ... ok
test encode_420_rgb_rejected ... ok
test encode_420_smaller_than_444 ... ok
test expert_tests::all_fields_set_produces_valid_bytes ... ok
test expert_tests::complex_prediction_modes_false_matches_default ... ok
test expert_tests::complex_prediction_modes_true_changes_bytes ... ok
test expert_tests::default_internal_params_equals_no_call ... ok
test expert_tests::fast_deblock_false_explicit_matches_default ... ok
test expert_tests::fast_deblock_true_changes_bytes ... ok
test expert_tests::lrf_false_explicit_matches_default ... ok
test expert_tests::lrf_true_changes_bytes ... ok
test expert_tests::partition_range_coarse_changes_bytes ... ok
test expert_tests::partition_range_fixed_16_changes_bytes ... ok
test encode8_cleans_alpha ... ok
test expert_tests::partition_range_narrow_encodes_validly ... ok
test expert_tests::second_call_with_default_resets_all_fields ... ok
test expert_tests::partition_range_full_changes_bytes ... ok
test hdr10_full_pipeline ... ok
test hlg_display_p3_signals_correct_cicp ... ok
test limited_range_signals_correctly ... ok
test pq_bt2020_signals_correct_cicp ... ok
test test_cancellation_token_during_encoding ... ok
test test_cancellation_token_precancelled ... ok
test test_libavif_quality_produces_expected_quantizers ... ok
test test_no_cancellation_token_works_normally ... ok
test test_timeout_and_cancellation_token_together ... ok
test expert_tests::with_internal_params_is_idempotent ... ok
test test_timeout_does_not_expire ... ok
test twelve_bit_depth_encodes ... ok
test test_timeout_expires ... ok
test twelve_bit_rgba_encodes ... ok
test encode8_with_alpha ... ok
test encode8_opaque ... ok

test result: ok. 37 passed; 0 failed; 0 ignored; 0 measured; 0 filtered out; finished in 11.09s

     Running tests/frame_hints_live.rs (target/debug/deps/frame_hints_live-37b07fd919dce1c8)

running 4 tests
test frame_hints_live_agrees_with_observed_behaviour ... ok
test a_wrongly_sized_map_is_ignored_rather_than_misapplied ... ok
test an_all_neutral_map_is_equivalent_to_no_map ... ok
test a_non_neutral_sb_q_scale_map_changes_the_bitstream ... ok

test result: ok. 4 passed; 0 failed; 0 ignored; 0 measured; 0 filtered out; finished in 0.75s

     Running tests/gray_encode.rs (target/debug/deps/gray_encode-fee538e4c61a2e1d)

running 3 tests
test gray8_ten_bit_output_widens_depth ... ok
test gray8_encodes_true_monochrome_av1 ... ok
test gray8_odd_dimensions ... ok

test result: ok. 3 passed; 0 failed; 0 ignored; 0 measured; 0 filtered out; finished in 0.01s

     Running tests/pixel_cap.rs (target/debug/deps/pixel_cap-3dbb11df2636c4c2)

running 5 tests
test custom_cap_below_default_rejects_between ... ok
test oversized_dimensions_rejected_preflight_by_default ... ok
test rav1e_error_reason_is_preserved_not_a_fixed_string ... ok
test small_image_under_cap_encodes_ok ... ok
test opt_out_zero_allows_oversized_declaration ... ok

test result: ok. 5 passed; 0 failed; 0 ignored; 0 measured; 0 filtered out; finished in 0.05s

     Running tests/validate.rs (target/debug/deps/validate-4d25216b61573414)

running 30 tests
test alpha_quality_out_of_range_rejected ... ok
test expert_only::partition_max_invalid_size_rejected ... ok
test expert_only::partition_min_invalid_size_rejected ... ok
test expert_only::partition_min_greater_than_max_rejected ... ok
test expert_only::partition_none_validates_ok ... ok
test expert_only::partition_valid_range_validates_ok ... ok
test happy_path_default_validates_ok ... ok
test happy_path_libavif_quality_validates_ok ... ok
test happy_path_typical_config_validates_ok ... ok
test imazen_only::seg_boost_above_range_rejected ... ok
test imazen_only::seg_boost_below_range_rejected ... ok
test imazen_only::seg_boost_default_one_validates_ok ... ok
test imazen_only::seg_boost_in_range_validates_ok ... ok
test imazen_only::vaq_strength_above_range_rejected ... ok
test imazen_only::vaq_strength_below_range_rejected ... ok
test imazen_only::vaq_strength_in_range_validates_ok ... ok
test libavif_quality_out_of_range_rejected ... ok
test mirror_above_range_rejected ... ok
test mirror_in_range_validates_ok ... ok
test num_threads_none_validates_ok ... ok
test num_threads_zero_rejected ... ok
test quality_above_range_rejected ... ok
test quality_below_range_rejected ... ok
test rotation_above_range_rejected ... ok
test rotation_in_range_validates_ok ... ok
test speed_above_range_rejected ... ok
test speed_zero_rejected ... ok
test yuv420_plus_rgb_rejected ... ok
test yuv420_plus_ycbcr_validates_ok ... ok
test yuv444_plus_rgb_validates_ok ... ok

test result: ok. 30 passed; 0 failed; 0 ignored; 0 measured; 0 filtered out; finished in 0.00s

   Doc-tests zenravif

running 12 tests
test ravif/src/av1encoder.rs - av1encoder::Encoder<'_>::encode_rgb (line 1144) ... ignored
test ravif/src/av1encoder.rs - av1encoder::Encoder<'_>::encode_rgb (line 1150) ... ignored
test ravif/src/av1encoder.rs - av1encoder::Encoder<'_>::encode_rgba (line 1054) ... ignored
test ravif/src/av1encoder.rs - av1encoder::Encoder<'_>::encode_rgba (line 1060) ... ignored
test ravif/src/av1encoder.rs - av1encoder::Encoder<'exif_slice>::validate (line 916) ... ok
test ravif/src/av1encoder.rs - av1encoder::Encoder<'exif_slice>::with_max_pixels (line 508) ... ok
test ravif/src/cancel.rs - cancel::CancellationToken (line 10) ... ok
test ravif/src/expert.rs - expert::InternalParams (line 41) ... ignored
test ravif/src/av1encoder.rs - av1encoder::Encoder<'exif_slice>::with_timeout (line 633) ... ok
test ravif/src/lib.rs - (line 60) ... ok
test ravif/src/lib.rs - (line 36) ... ok
test ravif/src/lib.rs - (line 21) ... ok

test result: ok. 7 passed; 0 failed; 5 ignored; 0 measured; 0 filtered out; finished in 0.02s

all doctests ran in 0.40s; merged doctests compilation took 0.16s
